// Jest Snapshot v1, https://goo.gl/fbAQLP

exports[`renders correctly 1`] = `
<View
  style={
    Object {
      "flex": 1,
      "flexDirection": "column",
      "padding": 16,
    }
  }
>
  <View
    style={
      Object {
        "flex": 1,
        "flexDirection": "row",
        "padding": 16,
        "width": "100%",
      }
    }
  >
    <Image
      source={
        Object {
          "uri": "test.png",
        }
      }
      style={
        Object {
          "flex": 1,
          "height": 66,
          "resizeMode": "contain",
          "width": 66,
        }
      }
    />
    <Text
      style={
        Object {
          "margin": 16,
        }
      }
    >
      Â£
      11
    </Text>
  </View>
  <Text
    style={
      Object {
        "margin": 16,
      }
    }
  >
    test
  </Text>
  <View
    style={
      Object {
        "backgroundColor": "#000",
        "flex": 1,
        "height": 1,
        "marginBottom": 12,
      }
    }
  />
</View>
`;
